
======================================================================
Variant: baseline  (no overrides (baseline))
======================================================================
Grouped split (verify 0 overlap):
  train:   71461 images |     36 groups | call fraction 0.501
  val  :   14410 images |      7 groups | call fraction 0.516
  test :   14129 images |      8 groups | call fraction 0.479
  group overlap across partitions: 0 (must be 0)
Loss: CrossEntropyLoss
epoch   0 | train_loss 0.3387 | val_auc 0.9404 | lr 1.00e-03
epoch   1 | train_loss 0.2726 | val_auc 0.9421 | lr 1.00e-03
epoch   2 | train_loss 0.2595 | val_auc 0.9420 | lr 1.00e-03
epoch   3 | train_loss 0.2439 | val_auc 0.9451 | lr 1.00e-03
epoch   4 | train_loss 0.2291 | val_auc 0.9485 | lr 1.00e-03
epoch   5 | train_loss 0.2166 | val_auc 0.9489 | lr 1.00e-03
epoch   6 | train_loss 0.2005 | val_auc 0.9463 | lr 1.00e-03
epoch   7 | train_loss 0.1814 | val_auc 0.9473 | lr 1.00e-03
epoch   8 | train_loss 0.1589 | val_auc 0.9468 | lr 1.00e-03
epoch   9 | train_loss 0.1328 | val_auc 0.9428 | lr 1.00e-03
epoch  10 | train_loss 0.1107 | val_auc 0.9405 | lr 1.00e-03
epoch  11 | train_loss 0.0911 | val_auc 0.9361 | lr 1.00e-03
epoch  12 | train_loss 0.0781 | val_auc 0.9359 | lr 1.00e-03
epoch  13 | train_loss 0.0671 | val_auc 0.9279 | lr 1.00e-03
epoch  14 | train_loss 0.0575 | val_auc 0.9263 | lr 1.00e-03
epoch  15 | train_loss 0.0495 | val_auc 0.9287 | lr 1.00e-03
early stop at epoch 15 (best 0.9489 @ 5)

Held-out test (realistic prevalence):
pipeline                     ROC-AUC      AP   P@R0.70
--------------------------------------------------------
baseline                     0.961   0.835    0.817
[baseline] test AP=0.8351  ROC-AUC=0.9614  (brier raw=0.0635 -> corrected=0.0384)

======================================================================
Variant: dropout  ({'dropout': 0.3})
======================================================================
Grouped split (verify 0 overlap):
  train:   71461 images |     36 groups | call fraction 0.501
  val  :   14410 images |      7 groups | call fraction 0.516
  test :   14129 images |      8 groups | call fraction 0.479
  group overlap across partitions: 0 (must be 0)
Loss: CrossEntropyLoss
epoch   0 | train_loss 0.3557 | val_auc 0.9372 | lr 1.00e-03
epoch   1 | train_loss 0.2815 | val_auc 0.9384 | lr 1.00e-03
epoch   2 | train_loss 0.2692 | val_auc 0.9390 | lr 1.00e-03
epoch   3 | train_loss 0.2559 | val_auc 0.9392 | lr 1.00e-03
epoch   4 | train_loss 0.2443 | val_auc 0.9451 | lr 1.00e-03
epoch   5 | train_loss 0.2316 | val_auc 0.9418 | lr 1.00e-03
epoch   6 | train_loss 0.2141 | val_auc 0.9433 | lr 1.00e-03
epoch   7 | train_loss 0.1928 | val_auc 0.9449 | lr 1.00e-03
epoch   8 | train_loss 0.1666 | val_auc 0.9407 | lr 1.00e-03
epoch   9 | train_loss 0.1398 | val_auc 0.9396 | lr 1.00e-03
epoch  10 | train_loss 0.1155 | val_auc 0.9358 | lr 1.00e-03
epoch  11 | train_loss 0.0954 | val_auc 0.9282 | lr 1.00e-03
epoch  12 | train_loss 0.0769 | val_auc 0.9340 | lr 1.00e-03
epoch  13 | train_loss 0.0673 | val_auc 0.9264 | lr 1.00e-03
epoch  14 | train_loss 0.0581 | val_auc 0.9271 | lr 1.00e-03
early stop at epoch 14 (best 0.9451 @ 4)

Held-out test (realistic prevalence):
pipeline                     ROC-AUC      AP   P@R0.70
--------------------------------------------------------
dropout                      0.960   0.833    0.807
[dropout] test AP=0.8328  ROC-AUC=0.9600  (brier raw=0.0605 -> corrected=0.0392)

======================================================================
Variant: spec_augment  ({'use_spec_augment': True})
======================================================================
Grouped split (verify 0 overlap):
  train:   71461 images |     36 groups | call fraction 0.501
  val  :   14410 images |      7 groups | call fraction 0.516
  test :   14129 images |      8 groups | call fraction 0.479
  group overlap across partitions: 0 (must be 0)
Loss: CrossEntropyLoss
SpecAugment: F=15, T=12, n_freq=1, n_time=1
epoch   0 | train_loss 0.3617 | val_auc 0.9314 | lr 1.00e-03
epoch   1 | train_loss 0.3043 | val_auc 0.9362 | lr 1.00e-03
epoch   2 | train_loss 0.2866 | val_auc 0.9384 | lr 1.00e-03
epoch   3 | train_loss 0.2728 | val_auc 0.9411 | lr 1.00e-03
epoch   4 | train_loss 0.2633 | val_auc 0.9479 | lr 1.00e-03
epoch   5 | train_loss 0.2542 | val_auc 0.9484 | lr 1.00e-03
epoch   6 | train_loss 0.2450 | val_auc 0.9490 | lr 1.00e-03
epoch   7 | train_loss 0.2347 | val_auc 0.9498 | lr 1.00e-03
epoch   8 | train_loss 0.2223 | val_auc 0.9422 | lr 1.00e-03
epoch   9 | train_loss 0.2092 | val_auc 0.9488 | lr 1.00e-03
epoch  10 | train_loss 0.1922 | val_auc 0.9428 | lr 1.00e-03
epoch  11 | train_loss 0.1762 | val_auc 0.9427 | lr 1.00e-03
epoch  12 | train_loss 0.1575 | val_auc 0.9408 | lr 1.00e-03
epoch  13 | train_loss 0.1444 | val_auc 0.9399 | lr 1.00e-03
epoch  14 | train_loss 0.1288 | val_auc 0.9334 | lr 1.00e-03
epoch  15 | train_loss 0.1185 | val_auc 0.9369 | lr 1.00e-03
epoch  16 | train_loss 0.1088 | val_auc 0.9281 | lr 1.00e-03
epoch  17 | train_loss 0.0997 | val_auc 0.9344 | lr 1.00e-03
early stop at epoch 17 (best 0.9498 @ 7)

Held-out test (realistic prevalence):
pipeline                     ROC-AUC      AP   P@R0.70
--------------------------------------------------------
spec_augment                 0.964   0.834    0.810
[spec_augment] test AP=0.8344  ROC-AUC=0.9638  (brier raw=0.0879 -> corrected=0.0414)

======================================================================
Variant: weight_decay  ({'weight_decay': 0.0001})
======================================================================
Grouped split (verify 0 overlap):
  train:   71461 images |     36 groups | call fraction 0.501
  val  :   14410 images |      7 groups | call fraction 0.516
  test :   14129 images |      8 groups | call fraction 0.479
  group overlap across partitions: 0 (must be 0)
Loss: CrossEntropyLoss
epoch   0 | train_loss 0.3368 | val_auc 0.9377 | lr 1.00e-03
epoch   1 | train_loss 0.2733 | val_auc 0.9435 | lr 1.00e-03
epoch   2 | train_loss 0.2615 | val_auc 0.9363 | lr 1.00e-03
epoch   3 | train_loss 0.2522 | val_auc 0.9446 | lr 1.00e-03
epoch   4 | train_loss 0.2429 | val_auc 0.9478 | lr 1.00e-03
epoch   5 | train_loss 0.2346 | val_auc 0.9498 | lr 1.00e-03
epoch   6 | train_loss 0.2260 | val_auc 0.9498 | lr 1.00e-03
epoch   7 | train_loss 0.2170 | val_auc 0.9508 | lr 1.00e-03
epoch   8 | train_loss 0.2068 | val_auc 0.9501 | lr 1.00e-03
epoch   9 | train_loss 0.1944 | val_auc 0.9427 | lr 1.00e-03
epoch  10 | train_loss 0.1801 | val_auc 0.9490 | lr 1.00e-03
epoch  11 | train_loss 0.1670 | val_auc 0.9448 | lr 1.00e-03
epoch  12 | train_loss 0.1515 | val_auc 0.9385 | lr 1.00e-03
epoch  13 | train_loss 0.1343 | val_auc 0.9346 | lr 1.00e-03
epoch  14 | train_loss 0.1210 | val_auc 0.9326 | lr 1.00e-03
epoch  15 | train_loss 0.1093 | val_auc 0.9311 | lr 1.00e-03
epoch  16 | train_loss 0.0973 | val_auc 0.9347 | lr 1.00e-03
epoch  17 | train_loss 0.0894 | val_auc 0.9328 | lr 1.00e-03
early stop at epoch 17 (best 0.9508 @ 7)

Held-out test (realistic prevalence):
pipeline                     ROC-AUC      AP   P@R0.70
--------------------------------------------------------
weight_decay                 0.965   0.841    0.816
[weight_decay] test AP=0.8408  ROC-AUC=0.9655  (brier raw=0.0627 -> corrected=0.0384)

======================================================================
Variant: lr_schedule_cosine  ({'lr_schedule': 'cosine'})
======================================================================
Grouped split (verify 0 overlap):
  train:   71461 images |     36 groups | call fraction 0.501
  val  :   14410 images |      7 groups | call fraction 0.516
  test :   14129 images |      8 groups | call fraction 0.479
  group overlap across partitions: 0 (must be 0)
Loss: CrossEntropyLoss
LR schedule: cosine (T_max=100)
epoch   0 | train_loss 0.3387 | val_auc 0.9404 | lr 1.00e-03
epoch   1 | train_loss 0.2734 | val_auc 0.9412 | lr 1.00e-03
epoch   2 | train_loss 0.2590 | val_auc 0.9402 | lr 9.99e-04
epoch   3 | train_loss 0.2439 | val_auc 0.9476 | lr 9.98e-04
epoch   4 | train_loss 0.2295 | val_auc 0.9501 | lr 9.96e-04
epoch   5 | train_loss 0.2170 | val_auc 0.9499 | lr 9.94e-04
epoch   6 | train_loss 0.1991 | val_auc 0.9468 | lr 9.91e-04
epoch   7 | train_loss 0.1807 | val_auc 0.9454 | lr 9.88e-04
epoch   8 | train_loss 0.1571 | val_auc 0.9451 | lr 9.84e-04
epoch   9 | train_loss 0.1327 | val_auc 0.9430 | lr 9.80e-04
epoch  10 | train_loss 0.1103 | val_auc 0.9386 | lr 9.76e-04
epoch  11 | train_loss 0.0898 | val_auc 0.9362 | lr 9.70e-04
epoch  12 | train_loss 0.0760 | val_auc 0.9332 | lr 9.65e-04
epoch  13 | train_loss 0.0662 | val_auc 0.9286 | lr 9.59e-04
epoch  14 | train_loss 0.0582 | val_auc 0.9315 | lr 9.52e-04
early stop at epoch 14 (best 0.9501 @ 4)

Held-out test (realistic prevalence):
pipeline                     ROC-AUC      AP   P@R0.70
--------------------------------------------------------
lr_schedule_cosine           0.965   0.842    0.819
[lr_schedule_cosine] test AP=0.8420  ROC-AUC=0.9653  (brier raw=0.0663 -> corrected=0.0380)

======================================================================
Variant: combined_all  ({'dropout': 0.3, 'use_spec_augment': True, 'weight_decay': 0.0001, 'lr_schedule': 'cosine'})
======================================================================
Grouped split (verify 0 overlap):
  train:   71461 images |     36 groups | call fraction 0.501
  val  :   14410 images |      7 groups | call fraction 0.516
  test :   14129 images |      8 groups | call fraction 0.479
  group overlap across partitions: 0 (must be 0)
Loss: CrossEntropyLoss
LR schedule: cosine (T_max=100)
SpecAugment: F=15, T=12, n_freq=1, n_time=1
epoch   0 | train_loss 0.3875 | val_auc 0.9263 | lr 1.00e-03
epoch   1 | train_loss 0.3213 | val_auc 0.9325 | lr 1.00e-03
epoch   2 | train_loss 0.3040 | val_auc 0.9331 | lr 9.99e-04
epoch   3 | train_loss 0.2894 | val_auc 0.9401 | lr 9.98e-04
epoch   4 | train_loss 0.2830 | val_auc 0.9458 | lr 9.96e-04
epoch   5 | train_loss 0.2772 | val_auc 0.9470 | lr 9.94e-04
epoch   6 | train_loss 0.2680 | val_auc 0.9468 | lr 9.91e-04
epoch   7 | train_loss 0.2603 | val_auc 0.9476 | lr 9.88e-04
epoch   8 | train_loss 0.2529 | val_auc 0.9480 | lr 9.84e-04
epoch   9 | train_loss 0.2474 | val_auc 0.9485 | lr 9.80e-04
epoch  10 | train_loss 0.2390 | val_auc 0.9475 | lr 9.76e-04
epoch  11 | train_loss 0.2336 | val_auc 0.9468 | lr 9.70e-04
epoch  12 | train_loss 0.2266 | val_auc 0.9463 | lr 9.65e-04
epoch  13 | train_loss 0.2184 | val_auc 0.9454 | lr 9.59e-04
epoch  14 | train_loss 0.2093 | val_auc 0.9454 | lr 9.52e-04
epoch  15 | train_loss 0.2032 | val_auc 0.9468 | lr 9.46e-04
epoch  16 | train_loss 0.1972 | val_auc 0.9403 | lr 9.38e-04
epoch  17 | train_loss 0.1892 | val_auc 0.9407 | lr 9.30e-04
epoch  18 | train_loss 0.1841 | val_auc 0.9414 | lr 9.22e-04
epoch  19 | train_loss 0.1761 | val_auc 0.9411 | lr 9.14e-04
early stop at epoch 19 (best 0.9485 @ 9)

Held-out test (realistic prevalence):
pipeline                     ROC-AUC      AP   P@R0.70
--------------------------------------------------------
combined_all                 0.962   0.837    0.806
[combined_all] test AP=0.8369  ROC-AUC=0.9621  (brier raw=0.0692 -> corrected=0.0385)

Saved comparison plot -> /Users/oceaneboulais/Github/BowheadWhaleDetector/results/ap_improvement_study_comparison.png

variant                     AP   ROC-AUC   P@R0.70  Brier(raw) Brier(corr)
--------------------------------------------------------------------------
baseline                0.8351    0.9614    0.8173      0.0635      0.0384
dropout                 0.8328    0.9600    0.8073      0.0605      0.0392
spec_augment            0.8344    0.9638    0.8101      0.0879      0.0414
weight_decay            0.8408    0.9655    0.8162      0.0627      0.0384
lr_schedule_cosine      0.8420    0.9653    0.8188      0.0663      0.0380
combined_all            0.8369    0.9621    0.8060      0.0692      0.0385
